../Core/Src/df1201s.cpp:10:1:DF1201S::DF1201S()	16	static
../Core/Src/df1201s.cpp:15:1:DF1201S::~DF1201S()	16	static
../Core/Src/df1201s.cpp:20:13:void baseSend()	8	static
../Core/Src/df1201s.cpp:27:6:void DF1201S::sendAT()	16	static
../Core/Src/df1201s.cpp:34:6:void DF1201S::queryVOL()	16	static
../Core/Src/df1201s.cpp:40:6:void DF1201S::enableAmplifier()	16	static
../Core/Src/df1201s.cpp:46:6:void DF1201S::setMinVol()	16	static
../Core/Src/df1201s.cpp:52:6:void DF1201S::setMiddleVol()	24	static
../Core/Src/df1201s.cpp:57:6:void DF1201S::setHighVol()	24	static
../Core/Src/df1201s.cpp:62:6:void DF1201S::setMaxVol()	24	static
../Core/Src/df1201s.cpp:67:6:void DF1201S::setPlayMode()	24	static
../Core/Src/df1201s.cpp:74:6:void DF1201S::queryplayMode()	24	static
../Core/Src/df1201s.cpp:79:6:void DF1201S::playNumberOneMusic()	24	static
../Core/Src/df1201s.cpp:84:6:void DF1201S::playNumberTwoMusic()	24	static
../Core/Src/df1201s.cpp:90:6:void DF1201S::controlPlayMode(uint8_t)	16	static
../Core/Src/df1201s.cpp:107:6:void DF1201S::controlVol(uint8_t)	16	static
../Core/Src/df1201s.cpp:113:6:void DF1201S::controlPlaying(CtrlPlay)	24	static
../Core/Src/df1201s.cpp:132:6:void DF1201S::controlFastRewind(uint8_t)	16	static
../Core/Src/df1201s.cpp:142:6:void DF1201S::controlQueryFile(uint8_t)	16	static
../Core/Src/df1201s.cpp:148:6:void DF1201S::controlPlayNumFile(uint8_t)	16	static
../Core/Src/df1201s.cpp:154:6:void DF1201S::controlPlayFileSpecific(char*)	16	static
../Core/Src/df1201s.cpp:159:6:void DF1201S::DeleteFile()	16	static
../Core/Src/df1201s.cpp:164:6:void DF1201S::setAmplifier(EnableAmplifier)	24	static
../Core/Src/df1201s.cpp:177:6:void DF1201S::controlRecording(Recording)	24	static
../Core/Src/df1201s.cpp:190:6:void DF1201S::controlBaurate(uint16_t)	16	static
